// Jest Snapshot v1, https://goo.gl/fbAQLP

exports[`ComputerKeyboard should render without crashing 1`] = `null`;
