// Jest Snapshot v1, https://goo.gl/fbAQLP

exports[`MidiController should render without crashing 1`] = `null`;
